operands.npz: 199154   train [0,189154)  val [189154,194154)  test [194154,199154)  struct [194154,199154)
  PASS  operands CIFAR ~45%   44.92%
  PASS  operands EMNIST ~45%   45.04%
  PASS  operands noise ~10%   10.04%

gen_train.h5
  PASS  provenance attrs   free81 cifar45/emnist45/noise10 e9359bf
  PASS  kernel_scheme is free81   got 'free81'
  PASS  all columns present
  PASS  row counts agree   2000000 rows
  PASS  column shapes
  PASS  ii within pool   [0, 189153]
  PASS  kk within pool   [0, 189153]
  PASS  input16 == operands[ii]
  PASS  kernel9 == operands[kk]
  PASS  label == operands[ii]
  PASS  conv24 == conv2d(x, w)   max abs err 0.00e+00
  PASS  kernels use all 81 dof   forced-equal rows 0.21%  (6x6 = 100%, chance 0.20%)
  PASS  target48 all finite   0 non-finite
  PASS  no constant target48   0 flat rows
  PASS  pair repeats ~ chance   52 repeats, ~56 expected
  PASS  CIFAR matches pool   44.9% vs pool 44.9%  (+-0.1%)
  PASS  EMNIST matches pool   45.1% vs pool 45.1%  (+-0.1%)
  PASS  noise matches pool   10.0% vs pool 10.0%  (+-0.1%)

gen_val.h5
  PASS  provenance attrs   free81 cifar45/emnist45/noise10 e9359bf
  PASS  kernel_scheme is free81   got 'free81'
  PASS  all columns present
  PASS  row counts agree   10000 rows
  PASS  column shapes
  PASS  ii within pool   [189154, 194153]
  PASS  kk within pool   [189154, 194153]
  PASS  input16 == operands[ii]
  PASS  kernel9 == operands[kk]
  PASS  label == operands[ii]
  PASS  conv24 == conv2d(x, w)   max abs err 0.00e+00
  PASS  kernels use all 81 dof   forced-equal rows 0.12%  (6x6 = 100%, chance 0.20%)
  PASS  target48 all finite   0 non-finite
  PASS  no constant target48   0 flat rows
  PASS  pair repeats ~ chance   2 repeats, ~2 expected
  PASS  CIFAR matches pool   43.9% vs pool 44.8%  (+-2.0%)
  PASS  EMNIST matches pool   45.0% vs pool 44.5%  (+-2.0%)
  PASS  noise matches pool   11.1% vs pool 10.7%  (+-1.2%)

gen_test.h5
  PASS  provenance attrs   free81 cifar45/emnist45/noise10 e9359bf
  PASS  kernel_scheme is free81   got 'free81'
  PASS  all columns present
  PASS  row counts agree   10000 rows
  PASS  column shapes
  PASS  ii within pool   [194154, 199153]
  PASS  kk within pool   [194154, 199152]
  PASS  input16 == operands[ii]
  PASS  kernel9 == operands[kk]
  PASS  label == operands[ii]
  PASS  conv24 == conv2d(x, w)   max abs err 0.00e+00
  PASS  kernels use all 81 dof   forced-equal rows 0.22%  (6x6 = 100%, chance 0.20%)
  PASS  target48 all finite   0 non-finite
  PASS  no constant target48   0 flat rows
  PASS  pair repeats ~ chance   1 repeats, ~2 expected
  PASS  CIFAR matches pool   44.9% vs pool 44.6%  (+-2.0%)
  PASS  EMNIST matches pool   44.7% vs pool 45.0%  (+-2.0%)
  PASS  noise matches pool   10.4% vs pool 10.4%  (+-1.2%)

gen_struct.h5
  PASS  provenance attrs   struct cifar45/emnist45/noise10 e9359bf
  PASS  kernel_scheme is struct   got 'struct'
  PASS  all columns present
  PASS  row counts agree   10000 rows
  PASS  column shapes
  PASS  ii within pool   [194154, 199153]
  PASS  kk within pool   [1, 7997]
  PASS  input16 == operands[ii]
  PASS  kernel9 == operands[kk]
  PASS  label == operands[ii]
  PASS  conv24 == conv2d(x, w)   max abs err 0.00e+00
  PASS  target48 all finite   0 non-finite
  PASS  no constant target48   0 flat rows
  PASS  target48b all finite   0 non-finite
  PASS  no constant target48b   0 flat rows
  PASS  pair repeats ~ chance   1 repeats, ~1 expected
  PASS  CIFAR matches pool   44.9% vs pool 44.6%  (+-2.0%)
  PASS  EMNIST matches pool   44.7% vs pool 45.0%  (+-2.0%)
  PASS  noise matches pool   10.4% vs pool 10.4%  (+-1.2%)

cross-split
  PASS  train/val inputs disjoint   0 shared
  PASS  train/val kernels disjoint   0 shared
  PASS  train/test inputs disjoint   0 shared
  PASS  train/test kernels disjoint   0 shared
  PASS  train/struct inputs disjoint   0 shared
  PASS  train/struct kernels disjoint   0 shared

ALL CHECKS PASSED

##############################################################################
### stage convtrack  (5 of 5 runs to do, 20 ep, train_n 60000)
##############################################################################
  train     60000  target (24, 24)  [0.000, 1.000]  C/E/N 45/45/10%  operands [2,189149]
  val       10000  target (24, 24)  [0.000, 1.000]  C/E/N 44/45/11%  operands [189154,194153]
  test      10000  target (24, 24)  [0.000, 1.000]  C/E/N 45/45/10%  operands [194154,199153]
  GPU held: 0.48 GB

=== convtrack/conv/linear ===
    curves -> /md127/home/UFAD/aryanthakur/eodla_translator_model/runs/sweep/convtrack_conv_linear_curves.png
    ep   0  loss train 0.31852 val 0.23174  val mse 0.031464  psnr 15.02  x floor 3146.4  lr 5.61e-04 *
    ep   1  loss train 0.18823 val 0.17560  val mse 0.014801  psnr 18.30  x floor 1480.1  lr 1.52e-03 *
    ep   2  loss train 0.17451 val 0.16075  val mse 0.012031  psnr 19.20  x floor 1203.1  lr 2.00e-03 *
    ep   3  loss train 0.15670 val 0.14544  val mse 0.010847  psnr 19.65  x floor 1084.7  lr 1.98e-03 *
    ep   4  loss train 0.14589 val 0.13639  val mse 0.010193  psnr 19.92  x floor 1019.3  lr 1.93e-03 *
    ep   5  loss train 0.13786 val 0.13084  val mse 0.009715  psnr 20.13  x floor  971.5  lr 1.85e-03 *
    ep   6  loss train 0.13071 val 0.12541  val mse 0.009420  psnr 20.26  x floor  942.0  lr 1.74e-03 *
    ep   7  loss train 0.12408 val 0.12154  val mse 0.009150  psnr 20.39  x floor  915.0  lr 1.60e-03 *
    ep   8  loss train 0.11864 val 0.11307  val mse 0.008891  psnr 20.51  x floor  889.1  lr 1.45e-03 *
    ep   9  loss train 0.11423 val 0.10930  val mse 0.008687  psnr 20.61  x floor  868.7  lr 1.27e-03 *
    ep  10  loss train 0.11137 val 0.10759  val mse 0.008595  psnr 20.66  x floor  859.5  lr 1.09e-03 *
    ep  11  loss train 0.10948 val 0.10566  val mse 0.008484  psnr 20.71  x floor  848.4  lr 9.07e-04 *
    ep  12  loss train 0.10814 val 0.10433  val mse 0.008350  psnr 20.78  x floor  835.0  lr 7.26e-04 *
    ep  13  loss train 0.10710 val 0.10351  val mse 0.008289  psnr 20.81  x floor  828.9  lr 5.54e-04 *
    ep  14  loss train 0.10623 val 0.10279  val mse 0.008239  psnr 20.84  x floor  823.9  lr 3.97e-04 *
    ep  15  loss train 0.10562 val 0.10215  val mse 0.008186  psnr 20.87  x floor  818.6  lr 2.60e-04 *
    ep  16  loss train 0.10515 val 0.10173  val mse 0.008148  psnr 20.89  x floor  814.8  lr 1.49e-04 *
    ep  17  loss train 0.10482 val 0.10153  val mse 0.008138  psnr 20.89  x floor  813.8  lr 6.73e-05 *
    ep  18  loss train 0.10462 val 0.10139  val mse 0.008123  psnr 20.90  x floor  812.3  lr 1.69e-05 *
    ep  19  loss train 0.10452 val 0.10134  val mse 0.008118  psnr 20.91  x floor  811.8  lr 8.31e-09 *
    -> test mse 0.008139  psnr 20.89  813.9x floor  |  train 0.009021  gap 0.9x  |  0.33M  0.3 min

=== convtrack/conv/cnn ===
    curves -> /md127/home/UFAD/aryanthakur/eodla_translator_model/runs/sweep/convtrack_conv_cnn_curves.png
    ep   0  loss train 0.25777 val 0.11300  val mse 0.012647  psnr 18.98  x floor 1264.7  lr 5.61e-04 *
    ep   1  loss train 0.11171 val 0.11495  val mse 0.012435  psnr 19.05  x floor 1243.5  lr 1.52e-03 *
    ep   2  loss train 0.10470 val 0.10005  val mse 0.009663  psnr 20.15  x floor  966.3  lr 2.00e-03 *
    ep   3  loss train 0.10046 val 0.09853  val mse 0.009473  psnr 20.24  x floor  947.3  lr 1.98e-03 *
    ep   4  loss train 0.09856 val 0.09670  val mse 0.009211  psnr 20.36  x floor  921.1  lr 1.93e-03 *
    ep   5  loss train 0.09729 val 0.09580  val mse 0.009156  psnr 20.38  x floor  915.6  lr 1.85e-03 *
    ep   6  loss train 0.09598 val 0.09500  val mse 0.008718  psnr 20.60  x floor  871.8  lr 1.74e-03 *
    ep   8  loss train 0.09428 val 0.09347  val mse 0.008636  psnr 20.64  x floor  863.6  lr 1.45e-03 *
    ep   9  loss train 0.09320 val 0.09339  val mse 0.008572  psnr 20.67  x floor  857.2  lr 1.27e-03 *
    ep  10  loss train 0.09260 val 0.09265  val mse 0.008396  psnr 20.76  x floor  839.6  lr 1.09e-03 *
    ep  11  loss train 0.09201 val 0.09131  val mse 0.008206  psnr 20.86  x floor  820.6  lr 9.07e-04 *
    ep  12  loss train 0.09133 val 0.09089  val mse 0.008108  psnr 20.91  x floor  810.8  lr 7.26e-04 *
    ep  13  loss train 0.09072 val 0.09049  val mse 0.008065  psnr 20.93  x floor  806.5  lr 5.54e-04 *
    ep  14  loss train 0.09019 val 0.09025  val mse 0.008036  psnr 20.95  x floor  803.6  lr 3.97e-04 *
    ep  15  loss train 0.08977 val 0.09001  val mse 0.007955  psnr 20.99  x floor  795.5  lr 2.60e-04 *
    ep  16  loss train 0.08936 val 0.08964  val mse 0.007915  psnr 21.02  x floor  791.5  lr 1.49e-04 *
    ep  17  loss train 0.08906 val 0.08961  val mse 0.007867  psnr 21.04  x floor  786.7  lr 6.73e-05 *
    ep  19  loss train 0.08875 val 0.08942  val mse 0.007853  psnr 21.05  x floor  785.3  lr 8.31e-09 *
    -> test mse 0.007904  psnr 21.02  790.4x floor  |  train 0.007823  gap 1.0x  |  0.19M  1.0 min

=== convtrack/conv/linconv ===
    curves -> /md127/home/UFAD/aryanthakur/eodla_translator_model/runs/sweep/convtrack_conv_linconv_curves.png
    ep   0  loss train 0.28319 val 0.15842  val mse 0.013366  psnr 18.74  x floor 1336.6  lr 5.61e-04 *
    ep   1  loss train 0.13990 val 0.14554  val mse 0.009766  psnr 20.10  x floor  976.6  lr 1.52e-03 *
    ep   2  loss train 0.14625 val 0.13978  val mse 0.008663  psnr 20.62  x floor  866.3  lr 2.00e-03 *
    ep   3  loss train 0.13437 val 0.12714  val mse 0.007814  psnr 21.07  x floor  781.4  lr 1.98e-03 *
    ep   4  loss train 0.12416 val 0.12041  val mse 0.007440  psnr 21.28  x floor  744.0  lr 1.93e-03 *
    ep   5  loss train 0.11604 val 0.11166  val mse 0.006697  psnr 21.74  x floor  669.7  lr 1.85e-03 *
    ep   6  loss train 0.10827 val 0.10425  val mse 0.006340  psnr 21.98  x floor  634.0  lr 1.74e-03 *
    ep   7  loss train 0.10060 val 0.10017  val mse 0.006207  psnr 22.07  x floor  620.7  lr 1.60e-03 *
    ep   8  loss train 0.09412 val 0.09205  val mse 0.005986  psnr 22.23  x floor  598.6  lr 1.45e-03 *
    ep   9  loss train 0.08896 val 0.08779  val mse 0.005863  psnr 22.32  x floor  586.3  lr 1.27e-03 *
    ep  10  loss train 0.08575 val 0.08438  val mse 0.005651  psnr 22.48  x floor  565.1  lr 1.09e-03 *
    ep  11  loss train 0.08361 val 0.08257  val mse 0.005600  psnr 22.52  x floor  560.0  lr 9.07e-04 *
    ep  12  loss train 0.08215 val 0.08156  val mse 0.005528  psnr 22.57  x floor  552.8  lr 7.26e-04 *
    ep  13  loss train 0.08096 val 0.08060  val mse 0.005462  psnr 22.63  x floor  546.2  lr 5.54e-04 *
    ep  14  loss train 0.08001 val 0.07954  val mse 0.005396  psnr 22.68  x floor  539.6  lr 3.97e-04 *
    ep  15  loss train 0.07929 val 0.07895  val mse 0.005329  psnr 22.73  x floor  532.9  lr 2.60e-04 *
    ep  16  loss train 0.07869 val 0.07850  val mse 0.005308  psnr 22.75  x floor  530.8  lr 1.49e-04 *
    ep  17  loss train 0.07827 val 0.07832  val mse 0.005295  psnr 22.76  x floor  529.5  lr 6.73e-05 *
    ep  18  loss train 0.07800 val 0.07797  val mse 0.005269  psnr 22.78  x floor  526.9  lr 1.69e-05 *
    ep  19  loss train 0.07783 val 0.07793  val mse 0.005262  psnr 22.79  x floor  526.2  lr 8.31e-09 *
    -> test mse 0.005306  psnr 22.75  530.6x floor  |  train 0.005249  gap 1.0x  |  0.52M  1.1 min

=== convtrack/conv/resunet-96 ===
    curves -> /md127/home/UFAD/aryanthakur/eodla_translator_model/runs/sweep/convtrack_conv_resunet-96_curves.png
    ep   0  loss train 0.12897 val 0.10890  val mse 0.017771  psnr 17.50  x floor 1777.1  lr 5.61e-04 *
    ep   3  loss train 0.06171 val 0.06105  val mse 0.003366  psnr 24.73  x floor  336.6  lr 1.98e-03 *
    ep   4  loss train 0.05751 val 0.05709  val mse 0.003123  psnr 25.05  x floor  312.3  lr 1.93e-03 *
    ep   5  loss train 0.05372 val 0.06182  val mse 0.003687  psnr 24.33  x floor  368.7  lr 1.85e-03
    ep   6  loss train 0.05139 val 0.05002  val mse 0.002309  psnr 26.37  x floor  230.9  lr 1.74e-03 *
    ep   7  loss train 0.04838 val 0.04901  val mse 0.002207  psnr 26.56  x floor  220.7  lr 1.60e-03 *
    ep   9  loss train 0.04345 val 0.04735  val mse 0.002024  psnr 26.94  x floor  202.4  lr 1.27e-03 *
    ep  10  loss train 0.04134 val 0.04695  val mse 0.002081  psnr 26.82  x floor  208.1  lr 1.09e-03
    ep  11  loss train 0.03977 val 0.04513  val mse 0.001889  psnr 27.24  x floor  188.9  lr 9.07e-04 *
    ep  12  loss train 0.03751 val 0.04452  val mse 0.001839  psnr 27.35  x floor  183.9  lr 7.26e-04 *
    ep  15  loss train 0.03136 val 0.04273  val mse 0.001773  psnr 27.51  x floor  177.3  lr 2.60e-04 *
    ep  17  loss train 0.02836 val 0.04242  val mse 0.001701  psnr 27.69  x floor  170.1  lr 6.73e-05 *
    ep  18  loss train 0.02756 val 0.04209  val mse 0.001673  psnr 27.77  x floor  167.3  lr 1.69e-05 *
    ep  19  loss train 0.02708 val 0.04209  val mse 0.001669  psnr 27.77  x floor  166.9  lr 8.31e-09 *
    -> test mse 0.001712  psnr 27.67  171.2x floor  |  train 0.000518  gap 3.2x  |  11.72M  4.2 min

=== convtrack/conv4/resunet-64 ===
    curves -> /md127/home/UFAD/aryanthakur/eodla_translator_model/runs/sweep/convtrack_conv4_resunet-64_curves.png
    ep   0  loss train 0.12267 val 0.06651  val mse 0.003672  psnr 24.35  x floor  367.2  lr 5.61e-04 *
    ep   3  loss train 0.05090 val 0.05911  val mse 0.003470  psnr 24.60  x floor  347.0  lr 1.98e-03 *
    ep   4  loss train 0.04674 val 0.04120  val mse 0.001496  psnr 28.25  x floor  149.6  lr 1.93e-03 *
    ep   5  loss train 0.04228 val 0.03797  val mse 0.001145  psnr 29.41  x floor  114.5  lr 1.85e-03 *
    ep   7  loss train 0.03751 val 0.03495  val mse 0.000930  psnr 30.32  x floor   93.0  lr 1.60e-03 *
    ep  10  loss train 0.03193 val 0.03189  val mse 0.000833  psnr 30.79  x floor   83.3  lr 1.09e-03 *
    ep  12  loss train 0.02986 val 0.02838  val mse 0.000598  psnr 32.23  x floor   59.8  lr 7.26e-04 *
    ep  13  loss train 0.02828 val 0.02715  val mse 0.000550  psnr 32.60  x floor   55.0  lr 5.54e-04 *
    ep  14  loss train 0.02717 val 0.02708  val mse 0.000530  psnr 32.76  x floor   53.0  lr 3.97e-04 *
    ep  15  loss train 0.02642 val 0.02543  val mse 0.000460  psnr 33.37  x floor   46.0  lr 2.60e-04 *
    ep  16  loss train 0.02526 val 0.02423  val mse 0.000406  psnr 33.91  x floor   40.6  lr 1.49e-04 *
    ep  17  loss train 0.02437 val 0.02409  val mse 0.000401  psnr 33.97  x floor   40.1  lr 6.73e-05 *
    ep  18  loss train 0.02379 val 0.02380  val mse 0.000389  psnr 34.10  x floor   38.9  lr 1.69e-05 *
    ep  19  loss train 0.02339 val 0.02374  val mse 0.000388  psnr 34.12  x floor   38.8  lr 8.31e-09 *
    -> test mse 0.000387  psnr 34.13  38.7x floor  |  train 0.000372  gap 1.0x  |  5.21M  2.7 min

convtrack stage: 9.3 min

>>> convtrack winner: conv4/resunet-64  test mse 0.000387  (38.7x floor)
          conv4/resunet-64  0.000387    38.7x  gap 1.0x  5.21M  2.7 min
           conv/resunet-96  0.001712   171.2x  gap 3.2x  11.72M  4.2 min
              conv/linconv  0.005306   530.6x  gap 1.0x  0.52M  1.1 min
                  conv/cnn  0.007904   790.4x  gap 1.0x  0.19M  1.0 min
               conv/linear  0.008139   813.9x  gap 0.9x  0.33M  0.3 min
    conv/resunet-64 (rep stage)  0.011201  (reference)
    convikscale/resunet-96 (arch winner)  0.001143  (reference)

##############################################################################
### stage rep  (3 of 3 runs to do, 20 ep, train_n 60000)
##############################################################################
  train     60000  target (24, 24)  [0.000, 1.000]  C/E/N 45/45/10%  operands [2,189149]
  val       10000  target (24, 24)  [0.000, 1.000]  C/E/N 44/45/11%  operands [189154,194153]
  test      10000  target (24, 24)  [0.000, 1.000]  C/E/N 45/45/10%  operands [194154,199153]
  GPU held: 0.48 GB

=== rep/ik ===
    curves -> /md127/home/UFAD/aryanthakur/eodla_translator_model/runs/sweep/rep_ik_curves.png
    ep   0  loss train 0.19516 val 0.14925  val mse 0.018772  psnr 17.26  x floor 1877.2  lr 5.61e-04 *
    ep   1  loss train 0.12413 val 0.11007  val mse 0.009565  psnr 20.19  x floor  956.5  lr 1.52e-03 *
    ep   2  loss train 0.09932 val 0.09903  val mse 0.007376  psnr 21.32  x floor  737.6  lr 2.00e-03 *
    ep   3  loss train 0.08552 val 0.09595  val mse 0.007119  psnr 21.48  x floor  711.9  lr 1.98e-03 *
    ep   4  loss train 0.07929 val 0.08358  val mse 0.005154  psnr 22.88  x floor  515.4  lr 1.93e-03 *
    ep   5  loss train 0.07476 val 0.07895  val mse 0.004388  psnr 23.58  x floor  438.8  lr 1.85e-03 *
    ep   6  loss train 0.07276 val 0.07673  val mse 0.004180  psnr 23.79  x floor  418.0  lr 1.74e-03 *
    ep   7  loss train 0.07053 val 0.07251  val mse 0.003426  psnr 24.65  x floor  342.6  lr 1.60e-03 *
    ep   8  loss train 0.06883 val 0.07023  val mse 0.003289  psnr 24.83  x floor  328.9  lr 1.45e-03 *
    ep  10  loss train 0.06439 val 0.06521  val mse 0.002715  psnr 25.66  x floor  271.5  lr 1.09e-03 *
    ep  13  loss train 0.05947 val 0.06236  val mse 0.002468  psnr 26.08  x floor  246.8  lr 5.54e-04 *
    ep  14  loss train 0.05749 val 0.06123  val mse 0.002366  psnr 26.26  x floor  236.6  lr 3.97e-04 *
    ep  15  loss train 0.05618 val 0.06108  val mse 0.002351  psnr 26.29  x floor  235.1  lr 2.60e-04 *
    ep  16  loss train 0.05460 val 0.05923  val mse 0.002166  psnr 26.64  x floor  216.6  lr 1.49e-04 *
    ep  17  loss train 0.05337 val 0.05880  val mse 0.002128  psnr 26.72  x floor  212.8  lr 6.73e-05 *
    ep  18  loss train 0.05247 val 0.05842  val mse 0.002097  psnr 26.78  x floor  209.7  lr 1.69e-05 *
    -> test mse 0.002096  psnr 26.79  209.6x floor  |  train 0.001617  gap 1.3x  |  5.21M  2.7 min

=== rep/convik ===
    curves -> /md127/home/UFAD/aryanthakur/eodla_translator_model/runs/sweep/rep_convik_curves.png
    ep   0  loss train 0.13513 val 0.08711  val mse 0.006368  psnr 21.96  x floor  636.8  lr 5.61e-04 *
    ep   1  loss train 0.07608 val 0.07886  val mse 0.005800  psnr 22.37  x floor  580.0  lr 1.52e-03 *
    ep   2  loss train 0.06216 val 0.05600  val mse 0.002604  psnr 25.84  x floor  260.4  lr 2.00e-03 *
    ep   4  loss train 0.04632 val 0.04324  val mse 0.001534  psnr 28.14  x floor  153.4  lr 1.93e-03 *
    ep   5  loss train 0.04285 val 0.04382  val mse 0.001718  psnr 27.65  x floor  171.8  lr 1.85e-03
    ep   6  loss train 0.04079 val 0.03732  val mse 0.001087  psnr 29.64  x floor  108.7  lr 1.74e-03 *
    ep  10  loss train 0.03360 val 0.03321  val mse 0.000870  psnr 30.60  x floor   87.0  lr 1.09e-03 *
    ep  13  loss train 0.02975 val 0.03130  val mse 0.000742  psnr 31.30  x floor   74.2  lr 5.54e-04 *
    ep  14  loss train 0.02819 val 0.02936  val mse 0.000622  psnr 32.06  x floor   62.2  lr 3.97e-04 *
    ep  15  loss train 0.02732 val 0.02917  val mse 0.000632  psnr 32.00  x floor   63.2  lr 2.60e-04
    ep  16  loss train 0.02620 val 0.02749  val mse 0.000529  psnr 32.76  x floor   52.9  lr 1.49e-04 *
    ep  18  loss train 0.02460 val 0.02684  val mse 0.000503  psnr 32.99  x floor   50.3  lr 1.69e-05 *
    ep  19  loss train 0.02421 val 0.02683  val mse 0.000502  psnr 33.00  x floor   50.2  lr 8.31e-09 *
    -> test mse 0.000500  psnr 33.01  50.0x floor  |  train 0.000338  gap 1.5x  |  5.21M  2.6 min

=== rep/convikscale ===
    curves -> /md127/home/UFAD/aryanthakur/eodla_translator_model/runs/sweep/rep_convikscale_curves.png
    ep   0  loss train 0.14087 val 0.08665  val mse 0.005410  psnr 22.67  x floor  541.0  lr 5.61e-04 *
    ep   2  loss train 0.06295 val 0.05206  val mse 0.002134  psnr 26.71  x floor  213.4  lr 2.00e-03 *
    ep   5  loss train 0.04340 val 0.05855  val mse 0.003588  psnr 24.45  x floor  358.8  lr 1.85e-03
    ep   6  loss train 0.04157 val 0.03943  val mse 0.001163  psnr 29.35  x floor  116.3  lr 1.74e-03 *
    ep  10  loss train 0.03424 val 0.03389  val mse 0.000878  psnr 30.56  x floor   87.8  lr 1.09e-03 *
    ep  14  loss train 0.02885 val 0.02951  val mse 0.000618  psnr 32.09  x floor   61.8  lr 3.97e-04 *
    ep  15  loss train 0.02780 val 0.02984  val mse 0.000660  psnr 31.81  x floor   66.0  lr 2.60e-04
    ep  16  loss train 0.02655 val 0.02771  val mse 0.000542  psnr 32.66  x floor   54.2  lr 1.49e-04 *
    ep  18  loss train 0.02498 val 0.02688  val mse 0.000500  psnr 33.01  x floor   50.0  lr 1.69e-05 *
    ep  19  loss train 0.02457 val 0.02682  val mse 0.000497  psnr 33.04  x floor   49.7  lr 8.31e-09 *
    -> test mse 0.000497  psnr 33.03  49.7x floor  |  train 0.000353  gap 1.4x  |  5.21M  2.6 min

>>> rep winner: convikscale  val mse 0.000497  test mse 0.000497  (49.7x floor)
           convikscale  val 0.000497  test 0.000497    49.7x  gap 1.4x  5.21M  2.6 min
                convik  val 0.000502  test 0.000500    50.0x  gap 1.5x  5.21M  2.6 min
                    ik  val 0.002097  test 0.002096   209.6x  gap 1.3x  5.21M  2.7 min

##############################################################################
### stage arch  (6 of 6 runs to do, 20 ep, train_n 60000)
##############################################################################
  train     60000  target (24, 24)  [0.000, 1.000]  C/E/N 45/45/10%  operands [2,189149]
  val       10000  target (24, 24)  [0.000, 1.000]  C/E/N 44/45/11%  operands [189154,194153]
  test      10000  target (24, 24)  [0.000, 1.000]  C/E/N 45/45/10%  operands [194154,199153]
  GPU held: 0.48 GB

=== arch/resunet-48 ===
    curves -> /md127/home/UFAD/aryanthakur/eodla_translator_model/runs/sweep/arch_resunet-48_curves.png
    ep   0  loss train 0.15662 val 0.08060  val mse 0.004462  psnr 23.50  x floor  446.2  lr 5.61e-04 *
    ep   1  loss train 0.07366 val 0.06432  val mse 0.003444  psnr 24.63  x floor  344.4  lr 1.52e-03 *
    ep   2  loss train 0.05896 val 0.05785  val mse 0.002756  psnr 25.60  x floor  275.6  lr 2.00e-03 *
    ep   3  loss train 0.04912 val 0.05355  val mse 0.002636  psnr 25.79  x floor  263.6  lr 1.98e-03 *
    ep   4  loss train 0.04494 val 0.04163  val mse 0.001360  psnr 28.66  x floor  136.0  lr 1.93e-03 *
    ep   5  loss train 0.04178 val 0.04410  val mse 0.001775  psnr 27.51  x floor  177.5  lr 1.85e-03
    ep   7  loss train 0.03820 val 0.03925  val mse 0.001247  psnr 29.04  x floor  124.7  lr 1.60e-03 *
    ep  10  loss train 0.03388 val 0.03444  val mse 0.000903  psnr 30.45  x floor   90.3  lr 1.09e-03 *
    ep  13  loss train 0.03044 val 0.03253  val mse 0.000838  psnr 30.77  x floor   83.8  lr 5.54e-04 *
    ep  14  loss train 0.02925 val 0.03051  val mse 0.000681  psnr 31.67  x floor   68.1  lr 3.97e-04 *
    ep  15  loss train 0.02835 val 0.02969  val mse 0.000646  psnr 31.90  x floor   64.6  lr 2.60e-04 *
    ep  16  loss train 0.02728 val 0.02803  val mse 0.000557  psnr 32.54  x floor   55.7  lr 1.49e-04 *
    ep  18  loss train 0.02593 val 0.02739  val mse 0.000525  psnr 32.80  x floor   52.5  lr 1.69e-05 *
    -> test mse 0.000524  psnr 32.80  52.4x floor  |  train 0.000426  gap 1.2x  |  2.93M  2.2 min

=== arch/resunet-64 ===
    curves -> /md127/home/UFAD/aryanthakur/eodla_translator_model/runs/sweep/arch_resunet-64_curves.png
    ep   0  loss train 0.14087 val 0.08665  val mse 0.005410  psnr 22.67  x floor  541.0  lr 5.61e-04 *
    ep   2  loss train 0.06295 val 0.05206  val mse 0.002134  psnr 26.71  x floor  213.4  lr 2.00e-03 *
    ep   5  loss train 0.04340 val 0.05855  val mse 0.003588  psnr 24.45  x floor  358.8  lr 1.85e-03
    ep   6  loss train 0.04157 val 0.03943  val mse 0.001163  psnr 29.35  x floor  116.3  lr 1.74e-03 *
    ep  10  loss train 0.03424 val 0.03389  val mse 0.000878  psnr 30.56  x floor   87.8  lr 1.09e-03 *
    ep  14  loss train 0.02885 val 0.02951  val mse 0.000618  psnr 32.09  x floor   61.8  lr 3.97e-04 *
    ep  15  loss train 0.02780 val 0.02984  val mse 0.000660  psnr 31.81  x floor   66.0  lr 2.60e-04
    ep  16  loss train 0.02655 val 0.02771  val mse 0.000542  psnr 32.66  x floor   54.2  lr 1.49e-04 *
    ep  18  loss train 0.02498 val 0.02688  val mse 0.000500  psnr 33.01  x floor   50.0  lr 1.69e-05 *
    ep  19  loss train 0.02457 val 0.02682  val mse 0.000497  psnr 33.04  x floor   49.7  lr 8.31e-09 *
    -> test mse 0.000497  psnr 33.03  49.7x floor  |  train 0.000353  gap 1.4x  |  5.21M  2.6 min

=== arch/resunet-96 ===
    curves -> /md127/home/UFAD/aryanthakur/eodla_translator_model/runs/sweep/arch_resunet-96_curves.png
    ep   0  loss train 0.13447 val 0.07968  val mse 0.004599  psnr 23.37  x floor  459.9  lr 5.61e-04 *
    ep   1  loss train 0.07038 val 0.06246  val mse 0.003303  psnr 24.81  x floor  330.3  lr 1.52e-03 *
    ep   2  loss train 0.05787 val 0.05069  val mse 0.002188  psnr 26.60  x floor  218.8  lr 2.00e-03 *
    ep   4  loss train 0.04430 val 0.04598  val mse 0.001806  psnr 27.43  x floor  180.6  lr 1.93e-03 *
    ep   5  loss train 0.04059 val 0.04951  val mse 0.002481  psnr 26.05  x floor  248.1  lr 1.85e-03
    ep   6  loss train 0.03920 val 0.03931  val mse 0.001267  psnr 28.97  x floor  126.7  lr 1.74e-03 *
    ep   7  loss train 0.03707 val 0.03773  val mse 0.001149  psnr 29.40  x floor  114.9  lr 1.60e-03 *
    ep  10  loss train 0.03253 val 0.03403  val mse 0.000933  psnr 30.30  x floor   93.3  lr 1.09e-03 *
    ep  13  loss train 0.02845 val 0.03297  val mse 0.000905  psnr 30.43  x floor   90.5  lr 5.54e-04 *
    ep  14  loss train 0.02704 val 0.02831  val mse 0.000582  psnr 32.35  x floor   58.2  lr 3.97e-04 *
    ep  15  loss train 0.02603 val 0.02978  val mse 0.000688  psnr 31.62  x floor   68.8  lr 2.60e-04
    ep  16  loss train 0.02485 val 0.02602  val mse 0.000476  psnr 33.22  x floor   47.6  lr 1.49e-04 *
    ep  18  loss train 0.02322 val 0.02538  val mse 0.000445  psnr 33.52  x floor   44.5  lr 1.69e-05 *
    ep  19  loss train 0.02281 val 0.02526  val mse 0.000439  psnr 33.57  x floor   43.9  lr 8.31e-09 *
    -> test mse 0.000436  psnr 33.60  43.6x floor  |  train 0.000296  gap 1.5x  |  11.73M  4.2 min

=== arch/fullres-96x8 ===
    curves -> /md127/home/UFAD/aryanthakur/eodla_translator_model/runs/sweep/arch_fullres-96x8_curves.png
    ep   0  loss train 0.21504 val 0.11546  val mse 0.012124  psnr 19.16  x floor 1212.4  lr 5.61e-04 *
    ep   1  loss train 0.11144 val 0.09961  val mse 0.009090  psnr 20.41  x floor  909.0  lr 1.52e-03 *
    ep   2  loss train 0.08219 val 0.07268  val mse 0.006984  psnr 21.56  x floor  698.4  lr 2.00e-03 *
    ep   3  loss train 0.06603 val 0.06671  val mse 0.004769  psnr 23.22  x floor  476.9  lr 1.98e-03 *
    ep   4  loss train 0.05520 val 0.04850  val mse 0.002037  psnr 26.91  x floor  203.7  lr 1.93e-03 *
    ep   5  loss train 0.04838 val 0.04589  val mse 0.001751  psnr 27.57  x floor  175.1  lr 1.85e-03 *
    ep   6  loss train 0.04497 val 0.04364  val mse 0.001589  psnr 27.99  x floor  158.9  lr 1.74e-03 *
    ep  10  loss train 0.03653 val 0.04113  val mse 0.001473  psnr 28.32  x floor  147.3  lr 1.09e-03 *
    ep  11  loss train 0.03516 val 0.03420  val mse 0.000917  psnr 30.38  x floor   91.7  lr 9.07e-04 *
    ep  13  loss train 0.03281 val 0.03067  val mse 0.000744  psnr 31.29  x floor   74.4  lr 5.54e-04 *
    ep  15  loss train 0.03074 val 0.03199  val mse 0.000833  psnr 30.79  x floor   83.3  lr 2.60e-04
    ep  16  loss train 0.02995 val 0.02866  val mse 0.000636  psnr 31.97  x floor   63.6  lr 1.49e-04 *
    ep  17  loss train 0.02938 val 0.02853  val mse 0.000631  psnr 32.00  x floor   63.1  lr 6.73e-05 *
    ep  18  loss train 0.02886 val 0.02794  val mse 0.000598  psnr 32.24  x floor   59.8  lr 1.69e-05 *
    -> test mse 0.000595  psnr 32.25  59.5x floor  |  train 0.000585  gap 1.0x  |  1.33M  3.7 min

=== arch/fno-64x4 ===
    curves -> /md127/home/UFAD/aryanthakur/eodla_translator_model/runs/sweep/arch_fno-64x4_curves.png
    ep   0  loss train 0.13649 val 0.06494  val mse 0.003290  psnr 24.83  x floor  329.0  lr 5.61e-04 *
    ep   1  loss train 0.06410 val 0.05602  val mse 0.002470  psnr 26.07  x floor  247.0  lr 1.52e-03 *
    ep   2  loss train 0.05792 val 0.05203  val mse 0.002186  psnr 26.60  x floor  218.6  lr 2.00e-03 *
    ep   3  loss train 0.04674 val 0.04289  val mse 0.001501  psnr 28.24  x floor  150.1  lr 1.98e-03 *
    ep   4  loss train 0.04265 val 0.04025  val mse 0.001322  psnr 28.79  x floor  132.2  lr 1.93e-03 *
    ep   5  loss train 0.03920 val 0.03793  val mse 0.001133  psnr 29.46  x floor  113.3  lr 1.85e-03 *
    ep   6  loss train 0.03642 val 0.03480  val mse 0.000948  psnr 30.23  x floor   94.8  lr 1.74e-03 *
    ep   7  loss train 0.03428 val 0.03344  val mse 0.000884  psnr 30.54  x floor   88.4  lr 1.60e-03 *
    ep   8  loss train 0.03239 val 0.03254  val mse 0.000818  psnr 30.87  x floor   81.8  lr 1.45e-03 *
    ep   9  loss train 0.03097 val 0.03142  val mse 0.000762  psnr 31.18  x floor   76.2  lr 1.27e-03 *
    ep  10  loss train 0.02948 val 0.03037  val mse 0.000710  psnr 31.49  x floor   71.0  lr 1.09e-03 *
    ep  11  loss train 0.02834 val 0.03002  val mse 0.000691  psnr 31.60  x floor   69.1  lr 9.07e-04 *
    ep  12  loss train 0.02728 val 0.02898  val mse 0.000636  psnr 31.97  x floor   63.6  lr 7.26e-04 *
    ep  13  loss train 0.02630 val 0.02837  val mse 0.000608  psnr 32.16  x floor   60.8  lr 5.54e-04 *
    ep  14  loss train 0.02534 val 0.02811  val mse 0.000598  psnr 32.23  x floor   59.8  lr 3.97e-04 *
    ep  15  loss train 0.02459 val 0.02786  val mse 0.000584  psnr 32.34  x floor   58.4  lr 2.60e-04 *
    ep  16  loss train 0.02390 val 0.02725  val mse 0.000559  psnr 32.53  x floor   55.9  lr 1.49e-04 *
    ep  17  loss train 0.02340 val 0.02715  val mse 0.000555  psnr 32.56  x floor   55.5  lr 6.73e-05 *
    ep  18  loss train 0.02304 val 0.02701  val mse 0.000549  psnr 32.61  x floor   54.9  lr 1.69e-05 *
    ep  19  loss train 0.02286 val 0.02699  val mse 0.000548  psnr 32.61  x floor   54.8  lr 8.31e-09 *
    -> test mse 0.000539  psnr 32.69  53.9x floor  |  train 0.000388  gap 1.4x  |  9.46M  2.7 min

=== arch/fnounet-48 ===
    curves -> /md127/home/UFAD/aryanthakur/eodla_translator_model/runs/sweep/arch_fnounet-48_curves.png
    ep   0  loss train 0.12709 val 0.06779  val mse 0.003460  psnr 24.61  x floor  346.0  lr 5.61e-04 *
    ep   2  loss train 0.05826 val 0.05292  val mse 0.002450  psnr 26.11  x floor  245.0  lr 2.00e-03 *
    ep   4  loss train 0.04201 val 0.04174  val mse 0.001531  psnr 28.15  x floor  153.1  lr 1.93e-03 *
    ep   5  loss train 0.03858 val 0.03712  val mse 0.001098  psnr 29.59  x floor  109.8  lr 1.85e-03 *
    ep   7  loss train 0.03393 val 0.03384  val mse 0.000931  psnr 30.31  x floor   93.1  lr 1.60e-03 *
    ep   9  loss train 0.03122 val 0.03436  val mse 0.000915  psnr 30.39  x floor   91.5  lr 1.27e-03 *
    ep  10  loss train 0.02982 val 0.02976  val mse 0.000723  psnr 31.41  x floor   72.3  lr 1.09e-03 *
    ep  13  loss train 0.02699 val 0.02864  val mse 0.000675  psnr 31.71  x floor   67.5  lr 5.54e-04 *
    ep  14  loss train 0.02583 val 0.02617  val mse 0.000545  psnr 32.64  x floor   54.5  lr 3.97e-04 *
    ep  15  loss train 0.02495 val 0.02606  val mse 0.000541  psnr 32.67  x floor   54.1  lr 2.60e-04 *
    ep  16  loss train 0.02421 val 0.02507  val mse 0.000495  psnr 33.06  x floor   49.5  lr 1.49e-04 *
    ep  18  loss train 0.02310 val 0.02464  val mse 0.000477  psnr 33.21  x floor   47.7  lr 1.69e-05 *
    -> test mse 0.000477  psnr 33.22  47.7x floor  |  train 0.000373  gap 1.3x  |  6.94M  3.6 min

>>> arch winner: resunet-96  val mse 0.000439  test mse 0.000436  (43.6x floor)
            resunet-96  val 0.000439  test 0.000436    43.6x  gap 1.5x  11.73M  4.2 min
            fnounet-48  val 0.000477  test 0.000477    47.7x  gap 1.3x  6.94M  3.6 min
            resunet-64  val 0.000497  test 0.000497    49.7x  gap 1.4x  5.21M  2.6 min
            resunet-48  val 0.000525  test 0.000524    52.4x  gap 1.2x  2.93M  2.2 min
              fno-64x4  val 0.000548  test 0.000539    53.9x  gap 1.4x  9.46M  2.7 min
          fullres-96x8  val 0.000598  test 0.000595    59.5x  gap 1.0x  1.33M  3.7 min

##############################################################################
### stage loss  (5 of 5 runs to do, 20 ep, train_n 60000)
##############################################################################
  train     60000  target (24, 24)  [0.000, 1.000]  C/E/N 45/45/10%  operands [2,189149]
  val       10000  target (24, 24)  [0.000, 1.000]  C/E/N 44/45/11%  operands [189154,194153]
  test      10000  target (24, 24)  [0.000, 1.000]  C/E/N 45/45/10%  operands [194154,199153]
  GPU held: 0.48 GB

=== loss/l1 ===
    curves -> /md127/home/UFAD/aryanthakur/eodla_translator_model/runs/sweep/loss_l1_curves.png
    ep   0  loss train 0.08480 val 0.06075  val mse 0.009566  psnr 20.19  x floor  956.6  lr 5.61e-04 *
    ep   1  loss train 0.04785 val 0.04092  val mse 0.003521  psnr 24.53  x floor  352.1  lr 1.52e-03 *
    ep   2  loss train 0.03747 val 0.03612  val mse 0.002487  psnr 26.04  x floor  248.7  lr 2.00e-03 *
    ep   5  loss train 0.02651 val 0.02930  val mse 0.001938  psnr 27.13  x floor  193.8  lr 1.85e-03 *
    ep   6  loss train 0.02542 val 0.02511  val mse 0.001403  psnr 28.53  x floor  140.3  lr 1.74e-03 *
    ep   7  loss train 0.02491 val 0.02400  val mse 0.001195  psnr 29.23  x floor  119.5  lr 1.60e-03 *
    ep  10  loss train 0.02099 val 0.02359  val mse 0.001230  psnr 29.10  x floor  123.0  lr 1.09e-03
    ep  12  loss train 0.01910 val 0.02076  val mse 0.000910  psnr 30.41  x floor   91.0  lr 7.26e-04 *
    ep  14  loss train 0.01737 val 0.01854  val mse 0.000733  psnr 31.35  x floor   73.3  lr 3.97e-04 *
    ep  15  loss train 0.01658 val 0.01790  val mse 0.000706  psnr 31.51  x floor   70.6  lr 2.60e-04 *
    ep  16  loss train 0.01569 val 0.01691  val mse 0.000623  psnr 32.05  x floor   62.3  lr 1.49e-04 *
    ep  18  loss train 0.01449 val 0.01631  val mse 0.000578  psnr 32.38  x floor   57.8  lr 1.69e-05 *
    ep  19  loss train 0.01418 val 0.01626  val mse 0.000574  psnr 32.41  x floor   57.4  lr 8.31e-09 *
    -> test mse 0.000574  psnr 32.41  57.4x floor  |  train 0.000683  gap 0.8x  |  11.73M  4.2 min

=== loss/l1+grad0.5 ===
    curves -> /md127/home/UFAD/aryanthakur/eodla_translator_model/runs/sweep/loss_l1+grad0.5_curves.png
    ep   0  loss train 0.13447 val 0.07968  val mse 0.004599  psnr 23.37  x floor  459.9  lr 5.61e-04 *
    ep   1  loss train 0.07038 val 0.06246  val mse 0.003303  psnr 24.81  x floor  330.3  lr 1.52e-03 *
    ep   2  loss train 0.05787 val 0.05069  val mse 0.002188  psnr 26.60  x floor  218.8  lr 2.00e-03 *
    ep   4  loss train 0.04430 val 0.04598  val mse 0.001806  psnr 27.43  x floor  180.6  lr 1.93e-03 *
    ep   5  loss train 0.04059 val 0.04951  val mse 0.002481  psnr 26.05  x floor  248.1  lr 1.85e-03
    ep   6  loss train 0.03920 val 0.03931  val mse 0.001267  psnr 28.97  x floor  126.7  lr 1.74e-03 *
    ep   7  loss train 0.03707 val 0.03773  val mse 0.001149  psnr 29.40  x floor  114.9  lr 1.60e-03 *
    ep  10  loss train 0.03253 val 0.03403  val mse 0.000933  psnr 30.30  x floor   93.3  lr 1.09e-03 *
    ep  13  loss train 0.02845 val 0.03297  val mse 0.000905  psnr 30.43  x floor   90.5  lr 5.54e-04 *
    ep  14  loss train 0.02704 val 0.02831  val mse 0.000582  psnr 32.35  x floor   58.2  lr 3.97e-04 *
    ep  15  loss train 0.02603 val 0.02978  val mse 0.000688  psnr 31.62  x floor   68.8  lr 2.60e-04
    ep  16  loss train 0.02485 val 0.02602  val mse 0.000476  psnr 33.22  x floor   47.6  lr 1.49e-04 *
    ep  18  loss train 0.02322 val 0.02538  val mse 0.000445  psnr 33.52  x floor   44.5  lr 1.69e-05 *
    ep  19  loss train 0.02281 val 0.02526  val mse 0.000439  psnr 33.57  x floor   43.9  lr 8.31e-09 *
    -> test mse 0.000436  psnr 33.60  43.6x floor  |  train 0.000296  gap 1.5x  |  11.73M  4.2 min

=== loss/l1+grad1.0 ===
    curves -> /md127/home/UFAD/aryanthakur/eodla_translator_model/runs/sweep/loss_l1+grad1.0_curves.png
    ep   0  loss train 0.17950 val 0.09963  val mse 0.004008  psnr 23.97  x floor  400.8  lr 5.61e-04 *
    ep   2  loss train 0.07779 val 0.06843  val mse 0.002194  psnr 26.59  x floor  219.4  lr 2.00e-03 *
    ep   4  loss train 0.06350 val 0.06436  val mse 0.002029  psnr 26.93  x floor  202.9  lr 1.93e-03 *
    ep   5  loss train 0.05607 val 0.06126  val mse 0.001980  psnr 27.03  x floor  198.0  lr 1.85e-03 *
    ep   6  loss train 0.05359 val 0.05133  val mse 0.001087  psnr 29.64  x floor  108.7  lr 1.74e-03 *
    ep  10  loss train 0.04468 val 0.04411  val mse 0.000774  psnr 31.11  x floor   77.4  lr 1.09e-03 *
    ep  14  loss train 0.03788 val 0.03999  val mse 0.000612  psnr 32.13  x floor   61.2  lr 3.97e-04 *
    ep  15  loss train 0.03662 val 0.03824  val mse 0.000547  psnr 32.62  x floor   54.7  lr 2.60e-04 *
    ep  16  loss train 0.03514 val 0.03588  val mse 0.000455  psnr 33.42  x floor   45.5  lr 1.49e-04 *
    ep  18  loss train 0.03327 val 0.03499  val mse 0.000423  psnr 33.73  x floor   42.3  lr 1.69e-05 *
    ep  19  loss train 0.03275 val 0.03496  val mse 0.000423  psnr 33.74  x floor   42.3  lr 8.31e-09 *
    -> test mse 0.000423  psnr 33.74  42.3x floor  |  train 0.000500  gap 0.8x  |  11.73M  4.2 min

=== loss/l2 ===
    curves -> /md127/home/UFAD/aryanthakur/eodla_translator_model/runs/sweep/loss_l2_curves.png
    ep   0  loss train 0.02183 val 0.00491  val mse 0.004913  psnr 23.09  x floor  491.3  lr 5.61e-04 *
    ep   1  loss train 0.00433 val 0.00401  val mse 0.004008  psnr 23.97  x floor  400.8  lr 1.52e-03 *
    ep   2  loss train 0.00292 val 0.00231  val mse 0.002314  psnr 26.36  x floor  231.4  lr 2.00e-03 *
    ep   4  loss train 0.00177 val 0.00189  val mse 0.001894  psnr 27.23  x floor  189.4  lr 1.93e-03 *
    ep   5  loss train 0.00145 val 0.00196  val mse 0.001960  psnr 27.08  x floor  196.0  lr 1.85e-03
    ep   6  loss train 0.00138 val 0.00120  val mse 0.001204  psnr 29.19  x floor  120.4  lr 1.74e-03 *
    ep   7  loss train 0.00122 val 0.00114  val mse 0.001137  psnr 29.44  x floor  113.7  lr 1.60e-03 *
    ep  10  loss train 0.00087 val 0.00096  val mse 0.000959  psnr 30.18  x floor   95.9  lr 1.09e-03 *
    ep  11  loss train 0.00080 val 0.00081  val mse 0.000807  psnr 30.93  x floor   80.7  lr 9.07e-04 *
    ep  14  loss train 0.00058 val 0.00070  val mse 0.000696  psnr 31.58  x floor   69.6  lr 3.97e-04 *
    ep  15  loss train 0.00052 val 0.00066  val mse 0.000656  psnr 31.83  x floor   65.6  lr 2.60e-04 *
    ep  16  loss train 0.00047 val 0.00061  val mse 0.000614  psnr 32.12  x floor   61.4  lr 1.49e-04 *
    ep  18  loss train 0.00040 val 0.00057  val mse 0.000570  psnr 32.44  x floor   57.0  lr 1.69e-05 *
    ep  19  loss train 0.00039 val 0.00056  val mse 0.000564  psnr 32.49  x floor   56.4  lr 8.31e-09 *
    -> test mse 0.000563  psnr 32.49  56.3x floor  |  train 0.000339  gap 1.7x  |  11.73M  4.2 min

=== loss/l2+grad0.5 ===
    curves -> /md127/home/UFAD/aryanthakur/eodla_translator_model/runs/sweep/loss_l2+grad0.5_curves.png
    ep   0  loss train 0.07004 val 0.03164  val mse 0.004637  psnr 23.34  x floor  463.7  lr 5.61e-04 *
    ep   1  loss train 0.02618 val 0.02371  val mse 0.003350  psnr 24.75  x floor  335.0  lr 1.52e-03 *
    ep   2  loss train 0.02101 val 0.01888  val mse 0.001967  psnr 27.06  x floor  196.7  lr 2.00e-03 *
    ep   4  loss train 0.01657 val 0.01660  val mse 0.001661  psnr 27.80  x floor  166.1  lr 1.93e-03 *
    ep   5  loss train 0.01518 val 0.01827  val mse 0.002118  psnr 26.74  x floor  211.8  lr 1.85e-03
    ep   6  loss train 0.01471 val 0.01677  val mse 0.001642  psnr 27.85  x floor  164.2  lr 1.74e-03 *
    ep   7  loss train 0.01386 val 0.01348  val mse 0.000869  psnr 30.61  x floor   86.9  lr 1.60e-03 *
    ep  10  loss train 0.01223 val 0.01270  val mse 0.000839  psnr 30.76  x floor   83.9  lr 1.09e-03 *
    ep  11  loss train 0.01162 val 0.01210  val mse 0.000827  psnr 30.83  x floor   82.7  lr 9.07e-04 *
    ep  14  loss train 0.01047 val 0.01064  val mse 0.000521  psnr 32.83  x floor   52.1  lr 3.97e-04 *
    ep  15  loss train 0.01004 val 0.01060  val mse 0.000495  psnr 33.06  x floor   49.5  lr 2.60e-04 *
    ep  16  loss train 0.00974 val 0.00985  val mse 0.000398  psnr 34.01  x floor   39.8  lr 1.49e-04 *
    ep  18  loss train 0.00927 val 0.00966  val mse 0.000375  psnr 34.27  x floor   37.5  lr 1.69e-05 *
    ep  19  loss train 0.00914 val 0.00962  val mse 0.000370  psnr 34.32  x floor   37.0  lr 8.31e-09 *
    -> test mse 0.000364  psnr 34.39  36.4x floor  |  train 0.000238  gap 1.6x  |  11.73M  4.2 min

>>> loss winner: l2+grad0.5  val mse 0.000370  test mse 0.000364  (36.4x floor)
            l2+grad0.5  val 0.000370  test 0.000364    36.4x  gap 1.6x  11.73M  4.2 min
            l1+grad1.0  val 0.000423  test 0.000423    42.3x  gap 0.8x  11.73M  4.2 min
            l1+grad0.5  val 0.000439  test 0.000436    43.6x  gap 1.5x  11.73M  4.2 min
                    l2  val 0.000564  test 0.000563    56.3x  gap 1.7x  11.73M  4.2 min
                    l1  val 0.000574  test 0.000574    57.4x  gap 0.8x  11.73M  4.2 min

##############################################################################
### stage hparam  (5 of 5 runs to do, 20 ep, train_n 60000)
##############################################################################
  train     60000  target (24, 24)  [0.000, 1.000]  C/E/N 45/45/10%  operands [2,189149]
  val       10000  target (24, 24)  [0.000, 1.000]  C/E/N 44/45/11%  operands [189154,194153]
  test      10000  target (24, 24)  [0.000, 1.000]  C/E/N 45/45/10%  operands [194154,199153]
  GPU held: 0.48 GB

=== hparam/lr1e-3 ===
    curves -> /md127/home/UFAD/aryanthakur/eodla_translator_model/runs/sweep/hparam_lr1e-3_curves.png
    ep   0  loss train 0.08327 val 0.03415  val mse 0.004543  psnr 23.43  x floor  454.3  lr 2.81e-04 *
    ep   1  loss train 0.02880 val 0.02536  val mse 0.003525  psnr 24.53  x floor  352.5  lr 7.61e-04 *
    ep   2  loss train 0.02209 val 0.02062  val mse 0.002443  psnr 26.12  x floor  244.3  lr 1.00e-03 *
    ep   4  loss train 0.01710 val 0.01661  val mse 0.001557  psnr 28.08  x floor  155.7  lr 9.66e-04 *
    ep   5  loss train 0.01565 val 0.01875  val mse 0.002234  psnr 26.51  x floor  223.4  lr 9.25e-04
    ep   6  loss train 0.01513 val 0.01555  val mse 0.001352  psnr 28.69  x floor  135.2  lr 8.69e-04 *
    ep   7  loss train 0.01424 val 0.01426  val mse 0.001000  psnr 30.00  x floor  100.0  lr 8.01e-04 *
    ep  10  loss train 0.01232 val 0.01236  val mse 0.000742  psnr 31.30  x floor   74.2  lr 5.46e-04 *
    ep  13  loss train 0.01105 val 0.01220  val mse 0.000731  psnr 31.36  x floor   73.1  lr 2.77e-04 *
    ep  14  loss train 0.01068 val 0.01079  val mse 0.000509  psnr 32.93  x floor   50.9  lr 1.98e-04 *
    ep  15  loss train 0.01034 val 0.01093  val mse 0.000517  psnr 32.86  x floor   51.7  lr 1.30e-04
    ep  16  loss train 0.01002 val 0.01025  val mse 0.000435  psnr 33.61  x floor   43.5  lr 7.47e-05 *
    ep  18  loss train 0.00960 val 0.01002  val mse 0.000404  psnr 33.94  x floor   40.4  lr 8.45e-06 *
    ep  19  loss train 0.00948 val 0.01000  val mse 0.000403  psnr 33.94  x floor   40.3  lr 4.16e-09 *
    -> test mse 0.000402  psnr 33.96  40.2x floor  |  train 0.000259  gap 1.6x  |  11.73M  4.2 min

=== hparam/lr2e-3 ===
    curves -> /md127/home/UFAD/aryanthakur/eodla_translator_model/runs/sweep/hparam_lr2e-3_curves.png
    ep   0  loss train 0.07004 val 0.03164  val mse 0.004637  psnr 23.34  x floor  463.7  lr 5.61e-04 *
    ep   1  loss train 0.02618 val 0.02371  val mse 0.003350  psnr 24.75  x floor  335.0  lr 1.52e-03 *
    ep   2  loss train 0.02101 val 0.01888  val mse 0.001967  psnr 27.06  x floor  196.7  lr 2.00e-03 *
    ep   4  loss train 0.01657 val 0.01660  val mse 0.001661  psnr 27.80  x floor  166.1  lr 1.93e-03 *
    ep   5  loss train 0.01518 val 0.01827  val mse 0.002118  psnr 26.74  x floor  211.8  lr 1.85e-03
    ep   6  loss train 0.01471 val 0.01677  val mse 0.001642  psnr 27.85  x floor  164.2  lr 1.74e-03 *
    ep   7  loss train 0.01386 val 0.01348  val mse 0.000869  psnr 30.61  x floor   86.9  lr 1.60e-03 *
    ep  10  loss train 0.01223 val 0.01270  val mse 0.000839  psnr 30.76  x floor   83.9  lr 1.09e-03 *
    ep  11  loss train 0.01162 val 0.01210  val mse 0.000827  psnr 30.83  x floor   82.7  lr 9.07e-04 *
    ep  14  loss train 0.01047 val 0.01064  val mse 0.000521  psnr 32.83  x floor   52.1  lr 3.97e-04 *
    ep  15  loss train 0.01004 val 0.01060  val mse 0.000495  psnr 33.06  x floor   49.5  lr 2.60e-04 *
    ep  16  loss train 0.00974 val 0.00985  val mse 0.000398  psnr 34.01  x floor   39.8  lr 1.49e-04 *
    ep  18  loss train 0.00927 val 0.00966  val mse 0.000375  psnr 34.27  x floor   37.5  lr 1.69e-05 *
    ep  19  loss train 0.00914 val 0.00962  val mse 0.000370  psnr 34.32  x floor   37.0  lr 8.31e-09 *
    -> test mse 0.000364  psnr 34.39  36.4x floor  |  train 0.000238  gap 1.6x  |  11.73M  4.2 min

=== hparam/lr4e-3 ===
    curves -> /md127/home/UFAD/aryanthakur/eodla_translator_model/runs/sweep/hparam_lr4e-3_curves.png
    ep   0  loss train 0.06510 val 0.02862  val mse 0.004266  psnr 23.70  x floor  426.6  lr 1.12e-03 *
    ep   1  loss train 0.02446 val 0.02605  val mse 0.003844  psnr 24.15  x floor  384.4  lr 3.04e-03 *
    ep   2  loss train 0.02081 val 0.01842  val mse 0.001861  psnr 27.30  x floor  186.1  lr 4.00e-03 *
    ep   4  loss train 0.01654 val 0.01578  val mse 0.001350  psnr 28.70  x floor  135.0  lr 3.86e-03 *
    ep   5  loss train 0.01526 val 0.01535  val mse 0.001303  psnr 28.85  x floor  130.3  lr 3.70e-03 *
    ep   7  loss train 0.01382 val 0.01307  val mse 0.000820  psnr 30.86  x floor   82.0  lr 3.20e-03 *
    ep  10  loss train 0.01191 val 0.01274  val mse 0.000874  psnr 30.59  x floor   87.4  lr 2.18e-03
    ep  12  loss train 0.01102 val 0.01179  val mse 0.000802  psnr 30.96  x floor   80.2  lr 1.45e-03 *
    ep  13  loss train 0.01058 val 0.01184  val mse 0.000707  psnr 31.51  x floor   70.7  lr 1.11e-03 *
    ep  14  loss train 0.01016 val 0.01037  val mse 0.000469  psnr 33.28  x floor   46.9  lr 7.93e-04 *
    ep  15  loss train 0.00972 val 0.01027  val mse 0.000474  psnr 33.25  x floor   47.4  lr 5.21e-04
    ep  16  loss train 0.00941 val 0.00959  val mse 0.000380  psnr 34.21  x floor   38.0  lr 2.99e-04 *
    ep  18  loss train 0.00890 val 0.00940  val mse 0.000364  psnr 34.39  x floor   36.4  lr 3.38e-05 *
    ep  19  loss train 0.00875 val 0.00934  val mse 0.000356  psnr 34.49  x floor   35.6  lr 1.66e-08 *
    -> test mse 0.000352  psnr 34.54  35.2x floor  |  train 0.000218  gap 1.6x  |  11.73M  4.2 min

=== hparam/lr2e-3-wd1e-3 ===
    curves -> /md127/home/UFAD/aryanthakur/eodla_translator_model/runs/sweep/hparam_lr2e-3-wd1e-3_curves.png
    ep   0  loss train 0.07000 val 0.03074  val mse 0.004234  psnr 23.73  x floor  423.4  lr 5.61e-04 *
    ep   1  loss train 0.02629 val 0.02536  val mse 0.003816  psnr 24.18  x floor  381.6  lr 1.52e-03 *
    ep   2  loss train 0.02088 val 0.02067  val mse 0.002390  psnr 26.22  x floor  239.0  lr 2.00e-03 *
    ep   4  loss train 0.01664 val 0.01625  val mse 0.001564  psnr 28.06  x floor  156.4  lr 1.93e-03 *
    ep   5  loss train 0.01525 val 0.01852  val mse 0.002153  psnr 26.67  x floor  215.3  lr 1.85e-03
    ep   6  loss train 0.01472 val 0.01594  val mse 0.001470  psnr 28.33  x floor  147.0  lr 1.74e-03 *
    ep   7  loss train 0.01387 val 0.01315  val mse 0.000815  psnr 30.89  x floor   81.5  lr 1.60e-03 *
    ep  10  loss train 0.01204 val 0.01223  val mse 0.000723  psnr 31.41  x floor   72.3  lr 1.09e-03 *
    ep  14  loss train 0.01037 val 0.01058  val mse 0.000519  psnr 32.85  x floor   51.9  lr 3.97e-04 *
    ep  15  loss train 0.01000 val 0.01067  val mse 0.000529  psnr 32.77  x floor   52.9  lr 2.60e-04
    ep  16  loss train 0.00972 val 0.00990  val mse 0.000404  psnr 33.93  x floor   40.4  lr 1.49e-04 *
    ep  18  loss train 0.00926 val 0.00968  val mse 0.000378  psnr 34.22  x floor   37.8  lr 1.69e-05 *
    ep  19  loss train 0.00912 val 0.00964  val mse 0.000376  psnr 34.25  x floor   37.6  lr 8.31e-09 *
    -> test mse 0.000371  psnr 34.31  37.1x floor  |  train 0.000237  gap 1.6x  |  11.73M  4.2 min

=== hparam/lr2e-3-aug ===
    curves -> /md127/home/UFAD/aryanthakur/eodla_translator_model/runs/sweep/hparam_lr2e-3-aug_curves.png
    ep   0  loss train 0.07150 val 0.02999  val mse 0.003874  psnr 24.12  x floor  387.4  lr 5.61e-04 *
    ep   1  loss train 0.02736 val 0.02490  val mse 0.003192  psnr 24.96  x floor  319.2  lr 1.52e-03 *
    ep   2  loss train 0.02322 val 0.02129  val mse 0.002260  psnr 26.46  x floor  226.0  lr 2.00e-03 *
    ep   3  loss train 0.02034 val 0.02027  val mse 0.002188  psnr 26.60  x floor  218.8  lr 1.98e-03 *
    ep   5  loss train 0.01707 val 0.01602  val mse 0.001293  psnr 28.88  x floor  129.3  lr 1.85e-03 *
    ep   7  loss train 0.01545 val 0.01503  val mse 0.001249  psnr 29.03  x floor  124.9  lr 1.60e-03 *
    ep  10  loss train 0.01310 val 0.01570  val mse 0.001533  psnr 28.14  x floor  153.3  lr 1.09e-03
    ep  11  loss train 0.01288 val 0.01211  val mse 0.000626  psnr 32.03  x floor   62.6  lr 9.07e-04 *
    ep  14  loss train 0.01155 val 0.01104  val mse 0.000515  psnr 32.88  x floor   51.5  lr 3.97e-04 *
    ep  15  loss train 0.01112 val 0.01105  val mse 0.000506  psnr 32.96  x floor   50.6  lr 2.60e-04 *
    ep  16  loss train 0.01084 val 0.01042  val mse 0.000432  psnr 33.65  x floor   43.2  lr 1.49e-04 *
    ep  17  loss train 0.01054 val 0.01028  val mse 0.000406  psnr 33.91  x floor   40.6  lr 6.73e-05 *
    ep  18  loss train 0.01036 val 0.01014  val mse 0.000388  psnr 34.11  x floor   38.8  lr 1.69e-05 *
    -> test mse 0.000386  psnr 34.14  38.6x floor  |  train 0.000409  gap 1.0x  |  11.73M  4.2 min

>>> hparam winner: lr4e-3  val mse 0.000356  test mse 0.000352  (35.2x floor)
                lr4e-3  val 0.000356  test 0.000352    35.2x  gap 1.6x  11.73M  4.2 min
                lr2e-3  val 0.000370  test 0.000364    36.4x  gap 1.6x  11.73M  4.2 min
         lr2e-3-wd1e-3  val 0.000376  test 0.000371    37.1x  gap 1.6x  11.73M  4.2 min
            lr2e-3-aug  val 0.000388  test 0.000386    38.6x  gap 1.0x  11.73M  4.2 min
                lr1e-3  val 0.000403  test 0.000402    40.2x  gap 1.6x  11.73M  4.2 min

##############################################################################
### stage datascale (6 sizes to do)
##############################################################################

=== datascale/n16000 ===
  train     16000  target (24, 24)  [0.000, 1.000]  C/E/N 45/45/10%  operands [2,189143]
  val       10000  target (24, 24)  [0.000, 1.000]  C/E/N 44/45/11%  operands [189154,194153]
  test      10000  target (24, 24)  [0.000, 1.000]  C/E/N 45/45/10%  operands [194154,199153]
  GPU held: 0.22 GB
    curves -> /md127/home/UFAD/aryanthakur/eodla_translator_model/runs/sweep/datascale_n16000_curves.png
    ep   0  loss train 0.14154 val 0.04849  val mse 0.008850  psnr 20.53  x floor  885.0  lr 1.13e-03 *
    ep   1  loss train 0.03917 val 0.03441  val mse 0.005746  psnr 22.41  x floor  574.6  lr 3.06e-03 *
    ep   2  loss train 0.03105 val 0.02902  val mse 0.004390  psnr 23.58  x floor  439.0  lr 4.00e-03 *
    ep   3  loss train 0.02537 val 0.02292  val mse 0.002837  psnr 25.47  x floor  283.7  lr 3.96e-03 *
    ep   4  loss train 0.02204 val 0.02285  val mse 0.002817  psnr 25.50  x floor  281.7  lr 3.86e-03 *
    ep   5  loss train 0.02094 val 0.02231  val mse 0.002830  psnr 25.48  x floor  283.0  lr 3.70e-03
    ep   7  loss train 0.01923 val 0.01801  val mse 0.001635  psnr 27.86  x floor  163.5  lr 3.20e-03 *
    ep  10  loss train 0.01685 val 0.01993  val mse 0.002519  psnr 25.99  x floor  251.9  lr 2.18e-03
    ep  11  loss train 0.01591 val 0.01660  val mse 0.001487  psnr 28.28  x floor  148.7  lr 1.81e-03 *
    ep  13  loss train 0.01516 val 0.01643  val mse 0.001398  psnr 28.55  x floor  139.8  lr 1.10e-03 *
    ep  14  loss train 0.01442 val 0.01500  val mse 0.001205  psnr 29.19  x floor  120.5  lr 7.90e-04 *
    ep  15  loss train 0.01379 val 0.01407  val mse 0.000924  psnr 30.34  x floor   92.4  lr 5.18e-04 *
    ep  17  loss train 0.01322 val 0.01390  val mse 0.000898  psnr 30.47  x floor   89.8  lr 1.33e-04 *
    ep  18  loss train 0.01304 val 0.01380  val mse 0.000878  psnr 30.57  x floor   87.8  lr 3.30e-05 *
    ep  19  loss train 0.01288 val 0.01360  val mse 0.000833  psnr 30.79  x floor   83.3  lr 2.49e-08 *
    -> test mse 0.000834  psnr 30.79  83.4x floor  |  train 0.000596  gap 1.4x  |  11.73M  1.4 min

=== datascale/n60000 ===
  train     60000  target (24, 24)  [0.000, 1.000]  C/E/N 45/45/10%  operands [2,189149]
  val       10000  target (24, 24)  [0.000, 1.000]  C/E/N 44/45/11%  operands [189154,194153]
  test      10000  target (24, 24)  [0.000, 1.000]  C/E/N 45/45/10%  operands [194154,199153]
  GPU held: 0.48 GB
    curves -> /md127/home/UFAD/aryanthakur/eodla_translator_model/runs/sweep/datascale_n60000_curves.png
    ep   0  loss train 0.06510 val 0.02862  val mse 0.004266  psnr 23.70  x floor  426.6  lr 1.12e-03 *
    ep   1  loss train 0.02446 val 0.02605  val mse 0.003844  psnr 24.15  x floor  384.4  lr 3.04e-03 *
    ep   2  loss train 0.02081 val 0.01842  val mse 0.001861  psnr 27.30  x floor  186.1  lr 4.00e-03 *
    ep   4  loss train 0.01654 val 0.01578  val mse 0.001350  psnr 28.70  x floor  135.0  lr 3.86e-03 *
    ep   5  loss train 0.01526 val 0.01535  val mse 0.001303  psnr 28.85  x floor  130.3  lr 3.70e-03 *
    ep   7  loss train 0.01382 val 0.01307  val mse 0.000820  psnr 30.86  x floor   82.0  lr 3.20e-03 *
    ep  10  loss train 0.01191 val 0.01274  val mse 0.000874  psnr 30.59  x floor   87.4  lr 2.18e-03
    ep  12  loss train 0.01102 val 0.01179  val mse 0.000802  psnr 30.96  x floor   80.2  lr 1.45e-03 *
    ep  13  loss train 0.01058 val 0.01184  val mse 0.000707  psnr 31.51  x floor   70.7  lr 1.11e-03 *
    ep  14  loss train 0.01016 val 0.01037  val mse 0.000469  psnr 33.28  x floor   46.9  lr 7.93e-04 *
    ep  15  loss train 0.00972 val 0.01027  val mse 0.000474  psnr 33.25  x floor   47.4  lr 5.21e-04
    ep  16  loss train 0.00941 val 0.00959  val mse 0.000380  psnr 34.21  x floor   38.0  lr 2.99e-04 *
    ep  18  loss train 0.00890 val 0.00940  val mse 0.000364  psnr 34.39  x floor   36.4  lr 3.38e-05 *
    ep  19  loss train 0.00875 val 0.00934  val mse 0.000356  psnr 34.49  x floor   35.6  lr 1.66e-08 *
    -> test mse 0.000352  psnr 34.54  35.2x floor  |  train 0.000218  gap 1.6x  |  11.73M  4.2 min

=== datascale/n150000 ===
  train    150000  target (24, 24)  [0.000, 1.000]  C/E/N 45/45/10%  operands [0,189153]
  val       10000  target (24, 24)  [0.000, 1.000]  C/E/N 44/45/11%  operands [189154,194153]
  test      10000  target (24, 24)  [0.000, 1.000]  C/E/N 45/45/10%  operands [194154,199153]
  GPU held: 1.02 GB
    curves -> /md127/home/UFAD/aryanthakur/eodla_translator_model/runs/sweep/datascale_n150000_curves.png
    ep   0  loss train 0.04097 val 0.02224  val mse 0.002702  psnr 25.68  x floor  270.2  lr 1.12e-03 *
    ep   3  loss train 0.01418 val 0.01521  val mse 0.001498  psnr 28.24  x floor  149.8  lr 3.97e-03 *
    ep   5  loss train 0.01215 val 0.01251  val mse 0.000870  psnr 30.60  x floor   87.0  lr 3.70e-03 *
    ep   6  loss train 0.01150 val 0.01159  val mse 0.000719  psnr 31.44  x floor   71.9  lr 3.48e-03 *
    ep   7  loss train 0.01091 val 0.01078  val mse 0.000601  psnr 32.21  x floor   60.1  lr 3.20e-03 *
    ep  10  loss train 0.00967 val 0.01237  val mse 0.000993  psnr 30.03  x floor   99.3  lr 2.18e-03
    ep  12  loss train 0.00882 val 0.00849  val mse 0.000333  psnr 34.78  x floor   33.3  lr 1.45e-03 *
    ep  13  loss train 0.00841 val 0.00839  val mse 0.000322  psnr 34.92  x floor   32.2  lr 1.11e-03 *
    ep  14  loss train 0.00801 val 0.00776  val mse 0.000262  psnr 35.82  x floor   26.2  lr 7.94e-04 *
    ep  15  loss train 0.00757 val 0.00815  val mse 0.000317  psnr 34.98  x floor   31.7  lr 5.22e-04
    ep  16  loss train 0.00727 val 0.00735  val mse 0.000253  psnr 35.97  x floor   25.3  lr 2.99e-04 *
    ep  17  loss train 0.00699 val 0.00711  val mse 0.000221  psnr 36.55  x floor   22.1  lr 1.35e-04 *
    ep  18  loss train 0.00679 val 0.00701  val mse 0.000213  psnr 36.73  x floor   21.3  lr 3.40e-05 *
    ep  19  loss train 0.00669 val 0.00699  val mse 0.000212  psnr 36.74  x floor   21.2  lr 1.61e-08 *
    -> test mse 0.000210  psnr 36.77  21.0x floor  |  train 0.000135  gap 1.6x  |  11.73M  9.7 min

=== datascale/n400000 ===
  train    400000  target (24, 24)  [0.000, 1.000]  C/E/N 45/45/10%  operands [0,189153]
  val       10000  target (24, 24)  [0.000, 1.000]  C/E/N 44/45/11%  operands [189154,194153]
  test      10000  target (24, 24)  [0.000, 1.000]  C/E/N 45/45/10%  operands [194154,199153]
  GPU held: 2.51 GB
    curves -> /md127/home/UFAD/aryanthakur/eodla_translator_model/runs/sweep/datascale_n400000_curves.png
    ep   0  loss train 0.02713 val 0.01942  val mse 0.002370  psnr 26.25  x floor  237.0  lr 1.12e-03 *
    ep   2  loss train 0.01276 val 0.01379  val mse 0.001190  psnr 29.24  x floor  119.0  lr 4.00e-03 *
    ep   3  loss train 0.01110 val 0.00986  val mse 0.000448  psnr 33.49  x floor   44.8  lr 3.97e-03 *
    ep   5  loss train 69.18040 val 0.11535  val mse 0.043273  psnr 13.64  x floor 4327.3  lr 3.70e-03
    ep  10  loss train 0.11608 val 0.11509  val mse 0.043243  psnr 13.64  x floor 4324.3  lr 2.18e-03
    ep  15  loss train 0.11606 val 0.11507  val mse 0.043228  psnr 13.64  x floor 4322.8  lr 5.22e-04
    -> test mse 0.000446  psnr 33.50  44.6x floor  |  train 0.000520  gap 0.9x  |  11.73M  25.0 min

=== datascale/n1000000 ===
  train   1000000  target (24, 24)  [0.000, 1.000]  C/E/N 45/45/10%  operands [0,189153]
  val       10000  target (24, 24)  [0.000, 1.000]  C/E/N 44/45/11%  operands [189154,194153]
  test      10000  target (24, 24)  [0.000, 1.000]  C/E/N 45/45/10%  operands [194154,199153]
  GPU held: 6.10 GB
    curves -> /md127/home/UFAD/aryanthakur/eodla_translator_model/runs/sweep/datascale_n1000000_curves.png
